
Running 2 tests using 1 worker

[1A[2K[1/2] [chromium] ΓÇ║ tests\e2e\crud-lifecycle.spec.ts:5:9 ΓÇ║ CRUD Lifecycle Tests ΓÇ║ Host Homestay Lifecycle: Create -> Update -> Delete
[1A[2K[chromium] ΓÇ║ tests\e2e\crud-lifecycle.spec.ts:5:9 ΓÇ║ CRUD Lifecycle Tests ΓÇ║ Host Homestay Lifecycle: Create -> Update -> Delete
Starting Host Lifecycle Test

[1A[2KNavigated to login

[1A[2KSubmitted login

[1A[2KRedirected to home

[1A[2KNav visible

[1A[2KBecome a Host link visible, clicking...


node.exe : [1A[2KHost Lifecycle Test Failed: locator.click: Test timeout of 30000ms exceeded.
At line:1 char:1
+ & "C:\Program Files\nodejs/node.exe" "C:\Program Files\nodejs/node_mo ...
+ ~~~~~~~~~~~~~~~~~~~~~~~~~~~~~~~~~~~~~~~~~~~~~~~~~~~~~~~~~~~~~~~~~~~~~
    + CategoryInfo          : NotSpecified: ([1A[2KHost Li...000ms exceeded.:String) [], RemoteException
    + FullyQualifiedErrorId : NativeCommandError
 
Call log:
[2m  - waiting for getByRole('link', { name: 'Become a Host' })[22m

    at [90mC:\Users\biswa\OneDrive\Documents\github\NorthBengalHomestays\frontend\[39mtests\e2e\crud-lifecycle
.spec.ts:37:38 {
  [32mSymbol(step)[39m: {
    location: {
      file: [32m'C:\\Users\\biswa\\OneDrive\\Documents\\github\\NorthBengalHomestays\\frontend\\tests\\e2e\\cru
d-lifecycle.spec.ts'[39m,
      line: [33m37[39m,
      column: [33m38[39m
    },
    category: [32m'pw:api'[39m,
    title: [32m"Click getByRole('link', { name: 'Become a Host' })"[39m,
    apiName: [32m'locator.click'[39m,
    params: {
      selector: [32m'internal:role=link[name="Become a Host"i]'[39m,
      strict: [33mtrue[39m,
      timeout: [33m0[39m
    },
    group: [90mundefined[39m,
    stepId: [32m'pw:api@41'[39m,
    boxedStack: [90mundefined[39m,
    steps: [],
    attachmentIndices: [],
    info: TestStepInfoImpl {
      annotations: [],
      _testInfo: [36m[TestInfoImpl][39m,
      _stepId: [32m'pw:api@41'[39m,
      _title: [32m"Click getByRole('link', { name: 'Become a Host' })"[39m,
      _parentStep: [90mundefined[39m,
      skip: [36m[Function (anonymous)][39m
    },
    complete: [36m[Function: complete][39m,
    endWallTime: [33m1771168927479[39m,
    error: {
      message: [32m'Error: locator.click: Test timeout of 30000ms exceeded.\n'[39m +
        [32m'Call log:\n'[39m +
        [32m"\x1B[2m  - waiting for getByRole('link', { name: 'Become a Host' })\x1B[22m\n"[39m,
      stack: [32m'Error: locator.click: Test timeout of 30000ms exceeded.\n'[39m +
        [32m'Call log:\n'[39m +
        [32m"\x1B[2m  - waiting for getByRole('link', { name: 'Become a Host' })\x1B[22m\n"[39m +
        [32m'\n'[39m +
        [32m'    at C:\\Users\\biswa\\OneDrive\\Documents\\github\\NorthBengalHomestays\\frontend\\tests\\e2e\\
crud-lifecycle.spec.ts:37:38'[39m,
      cause: [90mundefined[39m
    }
  }
}
[1A[2K  1) [chromium] ΓÇ║ tests\e2e\crud-lifecycle.spec.ts:5:9 ΓÇ║ CRUD Lifecycle Tests ΓÇ║ Host Homestay Lifecycle: Create -> Update -> Delete 

    [31mTest timeout of 30000ms exceeded.[39m

    Error: page.screenshot: Target page, context or browser has been closed

       97 |         } catch (error) {
       98 |             console.error('Host Lifecycle Test Failed:', error);
    >  99 |             await page.screenshot({ path: 'host_failure.png', fullPage: true });
          |                        ^
      100 |             throw error;
      101 |         }
      102 |     });
        at C:\Users\biswa\OneDrive\Documents\github\NorthBengalHomestays\frontend\tests\e2e\crud-lifecycle.spec.ts:99:24

    Error Context: test-results\e2e-crud-lifecycle-CRUD-Li-e843d-le-Create---Update---Delete-chromium\error-context.md

    attachment #2: trace (application/zip) ΓöÇΓöÇΓöÇΓöÇΓöÇΓöÇΓöÇΓöÇΓöÇΓöÇΓöÇΓöÇΓöÇΓöÇΓöÇΓöÇΓöÇΓöÇΓöÇΓöÇΓöÇΓöÇΓöÇΓöÇΓöÇΓöÇΓöÇΓöÇΓöÇΓöÇΓöÇΓöÇΓöÇΓöÇΓöÇΓöÇΓöÇΓöÇΓöÇΓöÇΓöÇΓöÇΓöÇΓöÇΓöÇΓöÇΓöÇΓöÇΓöÇΓöÇΓöÇΓöÇΓöÇΓöÇΓöÇΓöÇΓöÇ
    test-results\e2e-crud-lifecycle-CRUD-Li-e843d-le-Create---Update---Delete-chromium\trace.zip
    Usage:

        npx playwright show-trace test-results\e2e-crud-lifecycle-CRUD-Li-e843d-le-Create---Update---Delete-chromium\trace.zip

    ΓöÇΓöÇΓöÇΓöÇΓöÇΓöÇΓöÇΓöÇΓöÇΓöÇΓöÇΓöÇΓöÇΓöÇΓöÇΓöÇΓöÇΓöÇΓöÇΓöÇΓöÇΓöÇΓöÇΓöÇΓöÇΓöÇΓöÇΓöÇΓöÇΓöÇΓöÇΓöÇΓöÇΓöÇΓöÇΓöÇΓöÇΓöÇΓöÇΓöÇΓöÇΓöÇΓöÇΓöÇΓöÇΓöÇΓöÇΓöÇΓöÇΓöÇΓöÇΓöÇΓöÇΓöÇΓöÇΓöÇΓöÇΓöÇΓöÇΓöÇΓöÇΓöÇΓöÇΓöÇΓöÇΓöÇΓöÇΓöÇΓöÇΓöÇΓöÇΓöÇΓöÇΓöÇΓöÇΓöÇΓöÇΓöÇΓöÇΓöÇΓöÇΓöÇΓöÇΓöÇΓöÇΓöÇΓöÇΓöÇΓöÇΓöÇΓöÇΓöÇΓöÇΓöÇΓöÇΓöÇ


[1A[2K[2/2] [chromium] ΓÇ║ tests\e2e\crud-lifecycle.spec.ts:104:9 ΓÇ║ CRUD Lifecycle Tests ΓÇ║ Community Post Lifecycle: Create -> Edit -> Delete
[1A[2K  1 failed
    [chromium] ΓÇ║ tests\e2e\crud-lifecycle.spec.ts:5:9 ΓÇ║ CRUD Lifecycle Tests ΓÇ║ Host Homestay Lifecycle: Create -> Update -> Delete 
  1 did not run
